2026-04-22 21:12:38 DEBUG org.testng.TestNG - suiteXmlPath: "C:\Users\Rahul\AppData\Local\Temp\testng-eclipse--1337666339\testng-customsuite.xml"
2026-04-22 21:12:39 INFO  org.testng.internal.Utils - [Utils] MethodGroupsHelper.collectMethodsByGroup() took 1 ms.
2026-04-22 21:12:39 INFO  org.testng.internal.Utils - [Utils] MethodGroupsHelper.sortMethods() took 2 ms.
2026-04-22 21:12:39 INFO  org.testng.internal.Utils - [Utils] MethodGroupsHelper.collectMethodsByGroup() took 0 ms.
2026-04-22 21:12:39 INFO  org.testng.internal.Utils - [Utils] MethodGroupsHelper.sortMethods() took 0 ms.
2026-04-22 21:12:39 INFO  org.testng.internal.Utils - [Utils] MethodGroupsHelper.collectMethodsByGroup() took 0 ms.
2026-04-22 21:12:39 INFO  org.testng.internal.Utils - [Utils] MethodGroupsHelper.sortMethods() took 0 ms.
2026-04-22 21:12:39 INFO  org.testng.internal.Utils - [Utils] MethodGroupsHelper.collectMethodsByGroup() took 0 ms.
2026-04-22 21:12:39 INFO  org.testng.internal.Utils - [Utils] MethodGroupsHelper.sortMethods() took 0 ms.
2026-04-22 21:12:39 INFO  org.testng.internal.Utils - [Utils] MethodGroupsHelper.collectMethodsByGroup() took 0 ms.
2026-04-22 21:12:39 INFO  org.testng.internal.Utils - [Utils] MethodGroupsHelper.sortMethods() took 9 ms.
2026-04-22 21:12:39 INFO  org.testng.internal.Utils - [Utils] MethodGroupsHelper.collectMethodsByGroup() took 0 ms.
2026-04-22 21:12:39 INFO  org.testng.internal.Utils - [Utils] MethodGroupsHelper.sortMethods() took 0 ms.
2026-04-22 21:12:39 INFO  org.testng.internal.Utils - [Utils] MethodGroupsHelper.collectMethodsByGroup() took 0 ms.
2026-04-22 21:12:39 INFO  org.testng.internal.Utils - [Utils] MethodGroupsHelper.sortMethods() took 0 ms.
2026-04-22 21:12:39 INFO  org.testng.internal.Utils - [Utils] MethodGroupsHelper.collectMethodsByGroup() took 0 ms.
2026-04-22 21:12:39 INFO  org.testng.internal.Utils - [Utils] MethodGroupsHelper.sortMethods() took 0 ms.
2026-04-22 21:12:39 INFO  org.testng.internal.Utils - [Utils] MethodGroupsHelper.collectMethodsByGroup() took 0 ms.
2026-04-22 21:12:39 INFO  org.testng.internal.Utils - [Utils] MethodGroupsHelper.sortMethods() took 0 ms.
2026-04-22 21:12:39 INFO  org.testng.internal.Utils - [Utils] MethodGroupsHelper.collectMethodsByGroup() took 0 ms.
2026-04-22 21:12:39 INFO  org.testng.internal.Utils - [Utils] MethodGroupsHelper.sortMethods() took 0 ms.
2026-04-22 21:12:39 INFO  org.testng.internal.Utils - [Utils] MethodGroupsHelper.collectMethodsByGroup() took 0 ms.
2026-04-22 21:12:39 INFO  org.testng.internal.Utils - [Utils] MethodGroupsHelper.sortMethods() took 0 ms.
2026-04-22 21:12:39 INFO  org.testng.internal.Utils - [Utils] MethodGroupsHelper.collectMethodsByGroup() took 0 ms.
2026-04-22 21:12:39 INFO  org.testng.internal.Utils - [Utils] MethodGroupsHelper.sortMethods() took 0 ms.
2026-04-22 21:12:39 INFO  org.testng.internal.Utils - [Utils] MethodGroupsHelper.collectMethodsByGroup() took 15 ms.
2026-04-22 21:12:39 INFO  org.testng.internal.Utils - [Utils] MethodGroupsHelper.sortMethods() took 0 ms.
2026-04-22 21:12:39 INFO  org.testng.internal.Utils - [Utils] MethodGroupsHelper.collectMethodsByGroup() took 0 ms.
2026-04-22 21:12:39 INFO  org.testng.internal.Utils - [Utils] MethodGroupsHelper.sortMethods() took 0 ms.
2026-04-22 21:12:39 INFO  org.testng.internal.Utils - [Utils] MethodGroupsHelper.collectMethodsByGroup() took 0 ms.
2026-04-22 21:12:39 INFO  org.testng.internal.Utils - [Utils] MethodGroupsHelper.sortMethods() took 0 ms.
2026-04-22 21:12:39 INFO  org.testng.internal.Utils - [TestNG] Running:
  C:\Users\Rahul\AppData\Local\Temp\testng-eclipse--1337666339\testng-customsuite.xml

2026-04-22 21:12:39 INFO  org.testng.internal.Utils - [Utils] DynamicGraphHelper.createDynamicGraph() took 7 ms.
2026-04-22 21:12:39 WARN  org.testng.internal.Utils - The test method 'io.cucumber.testng.AbstractTestNGCucumberTests.runScenario' will be skipped since its data provider 'scenarios' returned an empty array or iterator. 
2026-04-22 21:12:39 INFO  org.testng.internal.Utils - [TestNG] Time taken by org.testng.reporters.jq.Main@7923f5b3: 53 ms
2026-04-22 21:12:39 INFO  org.testng.internal.Utils - [TestNG] Time taken by org.testng.reporters.FailedReporter@30b2b76f: 1 ms
2026-04-22 21:12:39 INFO  org.testng.internal.Utils - [TestNG] Time taken by org.testng.reporters.XMLReporter@4443ef6f: 10 ms
2026-04-22 21:12:39 INFO  org.testng.internal.Utils - [TestNG] Time taken by org.testng.reporters.EmailableReporter2@79a1728c: 12 ms
2026-04-22 21:12:39 INFO  org.testng.internal.Utils - [TestNG] Time taken by org.testng.reporters.JUnitReportReporter@52fc5eb1: 9 ms
2026-04-22 21:12:39 INFO  org.testng.internal.Utils - [TestNG] Time taken by org.testng.internal.ExitCodeListener@7a639ec5: 0 ms
2026-04-22 21:14:43 DEBUG org.testng.TestNG - suiteXmlPath: "C:\Users\Rahul\AppData\Local\Temp\testng-eclipse-1661602934\testng-customsuite.xml"
2026-04-22 21:14:44 INFO  org.testng.internal.Utils - [Utils] MethodGroupsHelper.collectMethodsByGroup() took 1 ms.
2026-04-22 21:14:44 INFO  org.testng.internal.Utils - [Utils] MethodGroupsHelper.sortMethods() took 1 ms.
2026-04-22 21:14:44 INFO  org.testng.internal.Utils - [Utils] MethodGroupsHelper.collectMethodsByGroup() took 0 ms.
2026-04-22 21:14:44 INFO  org.testng.internal.Utils - [Utils] MethodGroupsHelper.sortMethods() took 0 ms.
2026-04-22 21:14:44 INFO  org.testng.internal.Utils - [Utils] MethodGroupsHelper.collectMethodsByGroup() took 0 ms.
2026-04-22 21:14:44 INFO  org.testng.internal.Utils - [Utils] MethodGroupsHelper.sortMethods() took 0 ms.
2026-04-22 21:14:44 INFO  org.testng.internal.Utils - [Utils] MethodGroupsHelper.collectMethodsByGroup() took 0 ms.
2026-04-22 21:14:44 INFO  org.testng.internal.Utils - [Utils] MethodGroupsHelper.sortMethods() took 0 ms.
2026-04-22 21:14:44 INFO  org.testng.internal.Utils - [Utils] MethodGroupsHelper.collectMethodsByGroup() took 0 ms.
2026-04-22 21:14:44 INFO  org.testng.internal.Utils - [Utils] MethodGroupsHelper.sortMethods() took 12 ms.
2026-04-22 21:14:44 INFO  org.testng.internal.Utils - [Utils] MethodGroupsHelper.collectMethodsByGroup() took 0 ms.
2026-04-22 21:14:44 INFO  org.testng.internal.Utils - [Utils] MethodGroupsHelper.sortMethods() took 1 ms.
2026-04-22 21:14:44 INFO  org.testng.internal.Utils - [Utils] MethodGroupsHelper.collectMethodsByGroup() took 0 ms.
2026-04-22 21:14:44 INFO  org.testng.internal.Utils - [Utils] MethodGroupsHelper.sortMethods() took 0 ms.
2026-04-22 21:14:44 INFO  org.testng.internal.Utils - [Utils] MethodGroupsHelper.collectMethodsByGroup() took 0 ms.
2026-04-22 21:14:44 INFO  org.testng.internal.Utils - [Utils] MethodGroupsHelper.sortMethods() took 0 ms.
2026-04-22 21:14:44 INFO  org.testng.internal.Utils - [Utils] MethodGroupsHelper.collectMethodsByGroup() took 0 ms.
2026-04-22 21:14:44 INFO  org.testng.internal.Utils - [Utils] MethodGroupsHelper.sortMethods() took 0 ms.
2026-04-22 21:14:44 INFO  org.testng.internal.Utils - [Utils] MethodGroupsHelper.collectMethodsByGroup() took 0 ms.
2026-04-22 21:14:44 INFO  org.testng.internal.Utils - [Utils] MethodGroupsHelper.sortMethods() took 0 ms.
2026-04-22 21:14:44 INFO  org.testng.internal.Utils - [Utils] MethodGroupsHelper.collectMethodsByGroup() took 0 ms.
2026-04-22 21:14:44 INFO  org.testng.internal.Utils - [Utils] MethodGroupsHelper.sortMethods() took 0 ms.
2026-04-22 21:14:44 INFO  org.testng.internal.Utils - [Utils] MethodGroupsHelper.collectMethodsByGroup() took 0 ms.
2026-04-22 21:14:44 INFO  org.testng.internal.Utils - [Utils] MethodGroupsHelper.sortMethods() took 0 ms.
2026-04-22 21:14:44 INFO  org.testng.internal.Utils - [Utils] MethodGroupsHelper.collectMethodsByGroup() took 7 ms.
2026-04-22 21:14:44 INFO  org.testng.internal.Utils - [Utils] MethodGroupsHelper.sortMethods() took 0 ms.
2026-04-22 21:14:44 INFO  org.testng.internal.Utils - [Utils] MethodGroupsHelper.collectMethodsByGroup() took 0 ms.
2026-04-22 21:14:44 INFO  org.testng.internal.Utils - [Utils] MethodGroupsHelper.sortMethods() took 0 ms.
2026-04-22 21:14:44 INFO  org.testng.internal.Utils - [Utils] MethodGroupsHelper.collectMethodsByGroup() took 0 ms.
2026-04-22 21:14:44 INFO  org.testng.internal.Utils - [Utils] MethodGroupsHelper.sortMethods() took 0 ms.
2026-04-22 21:14:44 INFO  org.testng.internal.Utils - [TestNG] Running:
  C:\Users\Rahul\AppData\Local\Temp\testng-eclipse-1661602934\testng-customsuite.xml

2026-04-22 21:14:44 INFO  org.testng.internal.Utils - [Utils] DynamicGraphHelper.createDynamicGraph() took 9 ms.
2026-04-22 21:14:44 WARN  org.testng.internal.Utils - The test method 'io.cucumber.testng.AbstractTestNGCucumberTests.runScenario' will be skipped since its data provider 'scenarios' returned an empty array or iterator. 
2026-04-22 21:14:44 INFO  org.testng.internal.Utils - [TestNG] Time taken by org.testng.reporters.jq.Main@7923f5b3: 54 ms
2026-04-22 21:14:44 INFO  org.testng.internal.Utils - [TestNG] Time taken by org.testng.reporters.FailedReporter@30b2b76f: 2 ms
2026-04-22 21:14:44 INFO  org.testng.internal.Utils - [TestNG] Time taken by org.testng.reporters.XMLReporter@4443ef6f: 10 ms
2026-04-22 21:14:44 INFO  org.testng.internal.Utils - [TestNG] Time taken by org.testng.reporters.EmailableReporter2@79a1728c: 9 ms
2026-04-22 21:14:44 INFO  org.testng.internal.Utils - [TestNG] Time taken by org.testng.reporters.JUnitReportReporter@52fc5eb1: 13 ms
2026-04-22 21:14:44 INFO  org.testng.internal.Utils - [TestNG] Time taken by org.testng.internal.ExitCodeListener@7a639ec5: 0 ms
2026-04-22 21:15:49 DEBUG org.testng.TestNG - suiteXmlPath: "C:\Users\Rahul\AppData\Local\Temp\testng-eclipse-1124401525\testng-customsuite.xml"
2026-04-22 21:15:49 INFO  org.testng.internal.Utils - [Utils] MethodGroupsHelper.collectMethodsByGroup() took 0 ms.
2026-04-22 21:15:49 INFO  org.testng.internal.Utils - [Utils] MethodGroupsHelper.sortMethods() took 0 ms.
2026-04-22 21:15:49 INFO  org.testng.internal.Utils - [Utils] MethodGroupsHelper.collectMethodsByGroup() took 0 ms.
2026-04-22 21:15:49 INFO  org.testng.internal.Utils - [Utils] MethodGroupsHelper.sortMethods() took 0 ms.
2026-04-22 21:15:49 INFO  org.testng.internal.Utils - [Utils] MethodGroupsHelper.collectMethodsByGroup() took 0 ms.
2026-04-22 21:15:49 INFO  org.testng.internal.Utils - [Utils] MethodGroupsHelper.sortMethods() took 0 ms.
2026-04-22 21:15:49 INFO  org.testng.internal.Utils - [Utils] MethodGroupsHelper.collectMethodsByGroup() took 0 ms.
2026-04-22 21:15:49 INFO  org.testng.internal.Utils - [Utils] MethodGroupsHelper.sortMethods() took 0 ms.
2026-04-22 21:15:49 INFO  org.testng.internal.Utils - [Utils] MethodGroupsHelper.collectMethodsByGroup() took 1 ms.
2026-04-22 21:15:49 INFO  org.testng.internal.Utils - [Utils] MethodGroupsHelper.sortMethods() took 12 ms.
2026-04-22 21:15:49 INFO  org.testng.internal.Utils - [Utils] MethodGroupsHelper.collectMethodsByGroup() took 0 ms.
2026-04-22 21:15:49 INFO  org.testng.internal.Utils - [Utils] MethodGroupsHelper.sortMethods() took 0 ms.
2026-04-22 21:15:49 INFO  org.testng.internal.Utils - [Utils] MethodGroupsHelper.collectMethodsByGroup() took 0 ms.
2026-04-22 21:15:49 INFO  org.testng.internal.Utils - [Utils] MethodGroupsHelper.sortMethods() took 0 ms.
2026-04-22 21:15:49 INFO  org.testng.internal.Utils - [Utils] MethodGroupsHelper.collectMethodsByGroup() took 0 ms.
2026-04-22 21:15:49 INFO  org.testng.internal.Utils - [Utils] MethodGroupsHelper.sortMethods() took 0 ms.
2026-04-22 21:15:49 INFO  org.testng.internal.Utils - [Utils] MethodGroupsHelper.collectMethodsByGroup() took 0 ms.
2026-04-22 21:15:49 INFO  org.testng.internal.Utils - [Utils] MethodGroupsHelper.sortMethods() took 0 ms.
2026-04-22 21:15:49 INFO  org.testng.internal.Utils - [Utils] MethodGroupsHelper.collectMethodsByGroup() took 0 ms.
2026-04-22 21:15:49 INFO  org.testng.internal.Utils - [Utils] MethodGroupsHelper.sortMethods() took 0 ms.
2026-04-22 21:15:49 INFO  org.testng.internal.Utils - [Utils] MethodGroupsHelper.collectMethodsByGroup() took 0 ms.
2026-04-22 21:15:49 INFO  org.testng.internal.Utils - [Utils] MethodGroupsHelper.sortMethods() took 0 ms.
2026-04-22 21:15:49 INFO  org.testng.internal.Utils - [Utils] MethodGroupsHelper.collectMethodsByGroup() took 0 ms.
2026-04-22 21:15:49 INFO  org.testng.internal.Utils - [Utils] MethodGroupsHelper.sortMethods() took 0 ms.
2026-04-22 21:15:49 INFO  org.testng.internal.Utils - [Utils] MethodGroupsHelper.collectMethodsByGroup() took 10 ms.
2026-04-22 21:15:49 INFO  org.testng.internal.Utils - [Utils] MethodGroupsHelper.sortMethods() took 1 ms.
2026-04-22 21:15:49 INFO  org.testng.internal.Utils - [Utils] MethodGroupsHelper.collectMethodsByGroup() took 0 ms.
2026-04-22 21:15:49 INFO  org.testng.internal.Utils - [Utils] MethodGroupsHelper.sortMethods() took 0 ms.
2026-04-22 21:15:49 INFO  org.testng.internal.Utils - [Utils] MethodGroupsHelper.collectMethodsByGroup() took 0 ms.
2026-04-22 21:15:49 INFO  org.testng.internal.Utils - [Utils] MethodGroupsHelper.sortMethods() took 0 ms.
2026-04-22 21:15:49 INFO  org.testng.internal.Utils - [TestNG] Running:
  C:\Users\Rahul\AppData\Local\Temp\testng-eclipse-1124401525\testng-customsuite.xml

2026-04-22 21:15:49 INFO  org.testng.internal.Utils - [Utils] DynamicGraphHelper.createDynamicGraph() took 8 ms.
2026-04-22 21:15:50 WARN  org.testng.internal.Utils - The test method 'io.cucumber.testng.AbstractTestNGCucumberTests.runScenario' will be skipped since its data provider 'scenarios' returned an empty array or iterator. 
2026-04-22 21:15:50 INFO  org.testng.internal.Utils - [TestNG] Time taken by org.testng.reporters.jq.Main@7923f5b3: 52 ms
2026-04-22 21:15:50 INFO  org.testng.internal.Utils - [TestNG] Time taken by org.testng.reporters.FailedReporter@30b2b76f: 1 ms
2026-04-22 21:15:50 INFO  org.testng.internal.Utils - [TestNG] Time taken by org.testng.reporters.XMLReporter@4443ef6f: 12 ms
2026-04-22 21:15:50 INFO  org.testng.internal.Utils - [TestNG] Time taken by org.testng.reporters.EmailableReporter2@79a1728c: 9 ms
2026-04-22 21:15:50 INFO  org.testng.internal.Utils - [TestNG] Time taken by org.testng.reporters.JUnitReportReporter@52fc5eb1: 12 ms
2026-04-22 21:15:50 INFO  org.testng.internal.Utils - [TestNG] Time taken by org.testng.internal.ExitCodeListener@7a639ec5: 1 ms
2026-04-22 21:16:21 DEBUG org.testng.TestNG - suiteXmlPath: "C:\Users\Rahul\AppData\Local\Temp\testng-eclipse-1380690265\testng-customsuite.xml"
2026-04-22 21:16:22 INFO  org.testng.internal.Utils - [Utils] MethodGroupsHelper.collectMethodsByGroup() took 1 ms.
2026-04-22 21:16:22 INFO  org.testng.internal.Utils - [Utils] MethodGroupsHelper.sortMethods() took 1 ms.
2026-04-22 21:16:22 INFO  org.testng.internal.Utils - [Utils] MethodGroupsHelper.collectMethodsByGroup() took 0 ms.
2026-04-22 21:16:22 INFO  org.testng.internal.Utils - [Utils] MethodGroupsHelper.sortMethods() took 0 ms.
2026-04-22 21:16:22 INFO  org.testng.internal.Utils - [Utils] MethodGroupsHelper.collectMethodsByGroup() took 0 ms.
2026-04-22 21:16:22 INFO  org.testng.internal.Utils - [Utils] MethodGroupsHelper.sortMethods() took 0 ms.
2026-04-22 21:16:22 INFO  org.testng.internal.Utils - [Utils] MethodGroupsHelper.collectMethodsByGroup() took 0 ms.
2026-04-22 21:16:22 INFO  org.testng.internal.Utils - [Utils] MethodGroupsHelper.sortMethods() took 0 ms.
2026-04-22 21:16:22 INFO  org.testng.internal.Utils - [Utils] MethodGroupsHelper.collectMethodsByGroup() took 0 ms.
2026-04-22 21:16:22 INFO  org.testng.internal.Utils - [Utils] MethodGroupsHelper.sortMethods() took 13 ms.
2026-04-22 21:16:22 INFO  org.testng.internal.Utils - [Utils] MethodGroupsHelper.collectMethodsByGroup() took 0 ms.
2026-04-22 21:16:22 INFO  org.testng.internal.Utils - [Utils] MethodGroupsHelper.sortMethods() took 0 ms.
2026-04-22 21:16:22 INFO  org.testng.internal.Utils - [Utils] MethodGroupsHelper.collectMethodsByGroup() took 0 ms.
2026-04-22 21:16:22 INFO  org.testng.internal.Utils - [Utils] MethodGroupsHelper.sortMethods() took 0 ms.
2026-04-22 21:16:22 INFO  org.testng.internal.Utils - [Utils] MethodGroupsHelper.collectMethodsByGroup() took 0 ms.
2026-04-22 21:16:22 INFO  org.testng.internal.Utils - [Utils] MethodGroupsHelper.sortMethods() took 0 ms.
2026-04-22 21:16:22 INFO  org.testng.internal.Utils - [Utils] MethodGroupsHelper.collectMethodsByGroup() took 0 ms.
2026-04-22 21:16:22 INFO  org.testng.internal.Utils - [Utils] MethodGroupsHelper.sortMethods() took 0 ms.
2026-04-22 21:16:22 INFO  org.testng.internal.Utils - [Utils] MethodGroupsHelper.collectMethodsByGroup() took 0 ms.
2026-04-22 21:16:22 INFO  org.testng.internal.Utils - [Utils] MethodGroupsHelper.sortMethods() took 0 ms.
2026-04-22 21:16:22 INFO  org.testng.internal.Utils - [Utils] MethodGroupsHelper.collectMethodsByGroup() took 0 ms.
2026-04-22 21:16:22 INFO  org.testng.internal.Utils - [Utils] MethodGroupsHelper.sortMethods() took 0 ms.
2026-04-22 21:16:22 INFO  org.testng.internal.Utils - [Utils] MethodGroupsHelper.collectMethodsByGroup() took 0 ms.
2026-04-22 21:16:22 INFO  org.testng.internal.Utils - [Utils] MethodGroupsHelper.sortMethods() took 0 ms.
2026-04-22 21:16:22 INFO  org.testng.internal.Utils - [Utils] MethodGroupsHelper.collectMethodsByGroup() took 6 ms.
2026-04-22 21:16:22 INFO  org.testng.internal.Utils - [Utils] MethodGroupsHelper.sortMethods() took 0 ms.
2026-04-22 21:16:22 INFO  org.testng.internal.Utils - [Utils] MethodGroupsHelper.collectMethodsByGroup() took 0 ms.
2026-04-22 21:16:22 INFO  org.testng.internal.Utils - [Utils] MethodGroupsHelper.sortMethods() took 0 ms.
2026-04-22 21:16:22 INFO  org.testng.internal.Utils - [Utils] MethodGroupsHelper.collectMethodsByGroup() took 0 ms.
2026-04-22 21:16:22 INFO  org.testng.internal.Utils - [Utils] MethodGroupsHelper.sortMethods() took 0 ms.
2026-04-22 21:16:22 INFO  org.testng.internal.Utils - [TestNG] Running:
  C:\Users\Rahul\AppData\Local\Temp\testng-eclipse-1380690265\testng-customsuite.xml

2026-04-22 21:16:22 INFO  org.testng.internal.Utils - [Utils] DynamicGraphHelper.createDynamicGraph() took 3 ms.
2026-04-22 21:16:22 WARN  org.testng.internal.Utils - The test method 'io.cucumber.testng.AbstractTestNGCucumberTests.runScenario' will be skipped since its data provider 'scenarios' returned an empty array or iterator. 
2026-04-22 21:16:22 INFO  org.testng.internal.Utils - [TestNG] Time taken by org.testng.reporters.jq.Main@7923f5b3: 49 ms
2026-04-22 21:16:22 INFO  org.testng.internal.Utils - [TestNG] Time taken by org.testng.reporters.FailedReporter@30b2b76f: 2 ms
2026-04-22 21:16:22 INFO  org.testng.internal.Utils - [TestNG] Time taken by org.testng.reporters.XMLReporter@4443ef6f: 9 ms
2026-04-22 21:16:22 INFO  org.testng.internal.Utils - [TestNG] Time taken by org.testng.reporters.EmailableReporter2@79a1728c: 6 ms
2026-04-22 21:16:22 INFO  org.testng.internal.Utils - [TestNG] Time taken by org.testng.reporters.JUnitReportReporter@52fc5eb1: 9 ms
2026-04-22 21:16:22 INFO  org.testng.internal.Utils - [TestNG] Time taken by org.testng.internal.ExitCodeListener@7a639ec5: 0 ms
2026-04-22 21:16:40 DEBUG org.testng.TestNG - suiteXmlPath: "C:\Users\Rahul\AppData\Local\Temp\testng-eclipse--1174980496\testng-customsuite.xml"
2026-04-22 21:16:41 INFO  org.testng.internal.Utils - [Utils] MethodGroupsHelper.collectMethodsByGroup() took 1 ms.
2026-04-22 21:16:41 INFO  org.testng.internal.Utils - [Utils] MethodGroupsHelper.sortMethods() took 2 ms.
2026-04-22 21:16:41 INFO  org.testng.internal.Utils - [Utils] MethodGroupsHelper.collectMethodsByGroup() took 0 ms.
2026-04-22 21:16:41 INFO  org.testng.internal.Utils - [Utils] MethodGroupsHelper.sortMethods() took 0 ms.
2026-04-22 21:16:41 INFO  org.testng.internal.Utils - [Utils] MethodGroupsHelper.collectMethodsByGroup() took 0 ms.
2026-04-22 21:16:41 INFO  org.testng.internal.Utils - [Utils] MethodGroupsHelper.sortMethods() took 0 ms.
2026-04-22 21:16:41 INFO  org.testng.internal.Utils - [Utils] MethodGroupsHelper.collectMethodsByGroup() took 1 ms.
2026-04-22 21:16:41 INFO  org.testng.internal.Utils - [Utils] MethodGroupsHelper.sortMethods() took 0 ms.
2026-04-22 21:16:41 INFO  org.testng.internal.Utils - [Utils] MethodGroupsHelper.collectMethodsByGroup() took 1 ms.
2026-04-22 21:16:41 INFO  org.testng.internal.Utils - [Utils] MethodGroupsHelper.sortMethods() took 13 ms.
2026-04-22 21:16:41 INFO  org.testng.internal.Utils - [Utils] MethodGroupsHelper.collectMethodsByGroup() took 0 ms.
2026-04-22 21:16:41 INFO  org.testng.internal.Utils - [Utils] MethodGroupsHelper.sortMethods() took 0 ms.
2026-04-22 21:16:41 INFO  org.testng.internal.Utils - [Utils] MethodGroupsHelper.collectMethodsByGroup() took 0 ms.
2026-04-22 21:16:41 INFO  org.testng.internal.Utils - [Utils] MethodGroupsHelper.sortMethods() took 0 ms.
2026-04-22 21:16:41 INFO  org.testng.internal.Utils - [Utils] MethodGroupsHelper.collectMethodsByGroup() took 0 ms.
2026-04-22 21:16:41 INFO  org.testng.internal.Utils - [Utils] MethodGroupsHelper.sortMethods() took 0 ms.
2026-04-22 21:16:41 INFO  org.testng.internal.Utils - [Utils] MethodGroupsHelper.collectMethodsByGroup() took 0 ms.
2026-04-22 21:16:41 INFO  org.testng.internal.Utils - [Utils] MethodGroupsHelper.sortMethods() took 0 ms.
2026-04-22 21:16:41 INFO  org.testng.internal.Utils - [Utils] MethodGroupsHelper.collectMethodsByGroup() took 0 ms.
2026-04-22 21:16:41 INFO  org.testng.internal.Utils - [Utils] MethodGroupsHelper.sortMethods() took 0 ms.
2026-04-22 21:16:41 INFO  org.testng.internal.Utils - [Utils] MethodGroupsHelper.collectMethodsByGroup() took 0 ms.
2026-04-22 21:16:41 INFO  org.testng.internal.Utils - [Utils] MethodGroupsHelper.sortMethods() took 0 ms.
2026-04-22 21:16:41 INFO  org.testng.internal.Utils - [Utils] MethodGroupsHelper.collectMethodsByGroup() took 0 ms.
2026-04-22 21:16:41 INFO  org.testng.internal.Utils - [Utils] MethodGroupsHelper.sortMethods() took 0 ms.
2026-04-22 21:16:41 INFO  org.testng.internal.Utils - [Utils] MethodGroupsHelper.collectMethodsByGroup() took 6 ms.
2026-04-22 21:16:41 INFO  org.testng.internal.Utils - [Utils] MethodGroupsHelper.sortMethods() took 0 ms.
2026-04-22 21:16:41 INFO  org.testng.internal.Utils - [Utils] MethodGroupsHelper.collectMethodsByGroup() took 0 ms.
2026-04-22 21:16:41 INFO  org.testng.internal.Utils - [Utils] MethodGroupsHelper.sortMethods() took 0 ms.
2026-04-22 21:16:41 INFO  org.testng.internal.Utils - [Utils] MethodGroupsHelper.collectMethodsByGroup() took 0 ms.
2026-04-22 21:16:41 INFO  org.testng.internal.Utils - [Utils] MethodGroupsHelper.sortMethods() took 0 ms.
2026-04-22 21:16:41 INFO  org.testng.internal.Utils - [TestNG] Running:
  C:\Users\Rahul\AppData\Local\Temp\testng-eclipse--1174980496\testng-customsuite.xml

2026-04-22 21:16:41 INFO  org.testng.internal.Utils - [Utils] DynamicGraphHelper.createDynamicGraph() took 9 ms.
2026-04-22 21:16:44 INFO  Hooks.Hooks - Browser is opened..!
2026-04-22 21:16:48 INFO  Hooks.Hooks - url is launched..!
2026-04-22 21:16:48 INFO  Hooks.Hooks - Driver is Quit successfully....!
2026-04-22 21:16:50 INFO  Hooks.Hooks - Browser is opened..!
2026-04-22 21:16:54 INFO  Hooks.Hooks - url is launched..!
2026-04-22 21:16:58 INFO  Hooks.Hooks - Driver is Quit successfully....!
2026-04-22 21:16:59 INFO  Hooks.Hooks - Browser is opened..!
2026-04-22 21:17:03 INFO  Hooks.Hooks - url is launched..!
2026-04-22 21:17:07 INFO  Hooks.Hooks - Driver is Quit successfully....!
2026-04-22 21:17:09 INFO  Hooks.Hooks - Browser is opened..!
2026-04-22 21:17:13 INFO  Hooks.Hooks - url is launched..!
2026-04-22 21:17:14 INFO  Hooks.Hooks - Driver is Quit successfully....!
2026-04-22 21:17:15 INFO  Hooks.Hooks - Browser is opened..!
2026-04-22 21:17:17 INFO  Hooks.Hooks - url is launched..!
2026-04-22 21:17:20 INFO  Hooks.Hooks - Driver is Quit successfully....!
2026-04-22 21:17:21 INFO  Hooks.Hooks - Browser is opened..!
2026-04-22 21:17:25 INFO  Hooks.Hooks - url is launched..!
2026-04-22 21:17:30 INFO  Hooks.Hooks - Driver is Quit successfully....!
2026-04-22 21:17:31 INFO  Hooks.Hooks - Browser is opened..!
2026-04-22 21:17:32 INFO  Hooks.Hooks - url is launched..!
2026-04-22 21:17:39 INFO  Hooks.Hooks - Driver is Quit successfully....!
2026-04-22 21:17:40 INFO  Hooks.Hooks - Browser is opened..!
2026-04-22 21:17:41 INFO  Hooks.Hooks - url is launched..!
2026-04-22 21:17:48 INFO  Hooks.Hooks - Driver is Quit successfully....!
2026-04-22 21:17:49 INFO  Hooks.Hooks - Browser is opened..!
2026-04-22 21:17:53 INFO  Hooks.Hooks - url is launched..!
2026-04-22 21:17:57 INFO  Hooks.Hooks - Driver is Quit successfully....!
2026-04-22 21:17:59 INFO  Hooks.Hooks - Browser is opened..!
2026-04-22 21:18:02 INFO  Hooks.Hooks - url is launched..!
2026-04-22 21:18:05 INFO  Hooks.Hooks - Driver is Quit successfully....!
2026-04-22 21:18:07 INFO  Hooks.Hooks - Browser is opened..!
2026-04-22 21:18:07 INFO  Hooks.Hooks - url is launched..!
2026-04-22 21:18:14 INFO  Hooks.Hooks - Driver is Quit successfully....!
2026-04-22 21:18:16 INFO  Hooks.Hooks - Browser is opened..!
2026-04-22 21:18:18 INFO  Hooks.Hooks - url is launched..!
2026-04-22 21:18:22 INFO  Hooks.Hooks - Driver is Quit successfully....!
2026-04-22 21:18:24 INFO  Hooks.Hooks - Browser is opened..!
2026-04-22 21:18:27 INFO  Hooks.Hooks - url is launched..!
2026-04-22 21:18:30 INFO  Hooks.Hooks - Driver is Quit successfully....!
2026-04-22 21:18:32 INFO  Hooks.Hooks - Browser is opened..!
2026-04-22 21:18:32 INFO  Hooks.Hooks - url is launched..!
2026-04-22 21:18:36 INFO  Hooks.Hooks - Driver is Quit successfully....!
2026-04-22 21:18:37 INFO  Hooks.Hooks - Browser is opened..!
2026-04-22 21:18:41 INFO  Hooks.Hooks - url is launched..!
2026-04-22 21:18:45 INFO  Hooks.Hooks - Driver is Quit successfully....!
2026-04-22 21:18:46 INFO  Hooks.Hooks - Browser is opened..!
2026-04-22 21:18:48 INFO  Hooks.Hooks - url is launched..!
2026-04-22 21:18:52 INFO  Hooks.Hooks - Driver is Quit successfully....!
2026-04-22 21:18:54 INFO  Hooks.Hooks - Browser is opened..!
2026-04-22 21:18:58 INFO  Hooks.Hooks - url is launched..!
2026-04-22 21:19:02 INFO  Hooks.Hooks - Driver is Quit successfully....!
2026-04-22 21:19:04 INFO  Hooks.Hooks - Browser is opened..!
2026-04-22 21:19:07 INFO  Hooks.Hooks - url is launched..!
2026-04-22 21:19:10 INFO  Hooks.Hooks - Driver is Quit successfully....!
2026-04-22 21:19:12 INFO  Hooks.Hooks - Browser is opened..!
2026-04-22 21:19:16 INFO  Hooks.Hooks - url is launched..!
2026-04-22 21:19:21 INFO  Hooks.Hooks - Driver is Quit successfully....!
2026-04-22 21:19:23 INFO  Hooks.Hooks - Browser is opened..!
2026-04-22 21:19:27 INFO  Hooks.Hooks - url is launched..!
2026-04-22 21:19:31 INFO  Hooks.Hooks - Driver is Quit successfully....!
2026-04-22 21:19:32 INFO  Hooks.Hooks - Browser is opened..!
2026-04-22 21:19:33 INFO  Hooks.Hooks - url is launched..!
2026-04-22 21:19:38 INFO  Hooks.Hooks - Driver is Quit successfully....!
2026-04-22 21:19:39 INFO  Hooks.Hooks - Browser is opened..!
2026-04-22 21:19:43 INFO  Hooks.Hooks - url is launched..!
2026-04-22 21:19:43 INFO  Hooks.Hooks - Driver is Quit successfully....!
2026-04-22 21:19:44 INFO  Hooks.Hooks - Browser is opened..!
2026-04-22 21:19:48 INFO  Hooks.Hooks - url is launched..!
2026-04-22 21:19:49 INFO  Hooks.Hooks - Driver is Quit successfully....!
2026-04-22 21:19:51 INFO  Hooks.Hooks - Browser is opened..!
2026-04-22 21:19:54 INFO  Hooks.Hooks - url is launched..!
2026-04-22 21:19:59 INFO  Hooks.Hooks - Driver is Quit successfully....!
2026-04-22 21:20:00 INFO  Hooks.Hooks - Browser is opened..!
2026-04-22 21:20:04 INFO  Hooks.Hooks - url is launched..!
2026-04-22 21:20:38 INFO  Hooks.Hooks - Driver is Quit successfully....!
2026-04-22 21:20:40 INFO  Hooks.Hooks - Browser is opened..!
2026-04-22 21:20:41 INFO  Hooks.Hooks - url is launched..!
2026-04-22 21:21:18 INFO  Hooks.Hooks - Driver is Quit successfully....!
2026-04-22 21:21:19 INFO  Hooks.Hooks - Browser is opened..!
2026-04-22 21:21:21 INFO  Hooks.Hooks - url is launched..!
2026-04-22 21:21:56 INFO  Hooks.Hooks - Driver is Quit successfully....!
2026-04-22 21:21:57 INFO  Hooks.Hooks - Browser is opened..!
2026-04-22 21:21:58 INFO  Hooks.Hooks - url is launched..!
2026-04-22 21:22:39 INFO  Hooks.Hooks - Driver is Quit successfully....!
2026-04-22 21:22:40 INFO  Hooks.Hooks - Browser is opened..!
2026-04-22 21:22:47 INFO  Hooks.Hooks - url is launched..!
2026-04-22 21:23:30 INFO  Hooks.Hooks - Driver is Quit successfully....!
2026-04-22 21:23:31 INFO  Hooks.Hooks - Browser is opened..!
2026-04-22 21:23:35 INFO  Hooks.Hooks - url is launched..!
2026-04-22 21:24:17 INFO  Hooks.Hooks - Driver is Quit successfully....!
2026-04-22 21:24:18 INFO  Hooks.Hooks - Browser is opened..!
2026-04-22 21:24:21 INFO  Hooks.Hooks - url is launched..!
2026-04-22 22:51:36 INFO  Hooks.Hooks - Browser is opened..!
2026-04-22 22:51:38 INFO  Hooks.Hooks - url is launched..!
2026-04-22 22:52:09 INFO  Hooks.Hooks - Driver is Quit successfully....!
2026-04-22 22:52:10 INFO  Hooks.Hooks - Browser is opened..!
2026-04-22 22:52:14 INFO  Hooks.Hooks - url is launched..!
2026-04-22 22:52:18 INFO  Hooks.Hooks - Driver is Quit successfully....!
2026-04-22 22:52:19 INFO  Hooks.Hooks - Browser is opened..!
2026-04-22 22:52:22 INFO  Hooks.Hooks - url is launched..!
2026-04-22 22:52:29 INFO  Hooks.Hooks - Driver is Quit successfully....!
2026-04-22 22:52:30 INFO  Hooks.Hooks - Browser is opened..!
2026-04-22 22:52:33 INFO  Hooks.Hooks - url is launched..!
2026-04-22 22:52:38 INFO  Hooks.Hooks - Driver is Quit successfully....!
2026-04-22 22:52:40 INFO  Hooks.Hooks - Browser is opened..!
2026-04-22 22:52:43 INFO  Hooks.Hooks - url is launched..!
2026-04-22 22:52:48 INFO  Hooks.Hooks - Driver is Quit successfully....!
2026-04-22 22:52:50 INFO  Hooks.Hooks - Browser is opened..!
2026-04-22 22:52:50 INFO  Hooks.Hooks - url is launched..!
2026-04-22 22:52:59 INFO  Hooks.Hooks - Driver is Quit successfully....!
2026-04-22 22:53:00 INFO  Hooks.Hooks - Browser is opened..!
2026-04-22 22:53:01 INFO  Hooks.Hooks - url is launched..!
2026-04-22 22:53:09 INFO  Hooks.Hooks - Driver is Quit successfully....!
2026-04-22 22:53:10 INFO  Hooks.Hooks - Browser is opened..!
2026-04-22 22:53:15 INFO  Hooks.Hooks - url is launched..!
2026-04-22 22:53:52 INFO  Hooks.Hooks - Driver is Quit successfully....!
2026-04-22 23:06:49 DEBUG org.testng.TestNG - suiteXmlPath: "C:\Users\Rahul\AppData\Local\Temp\testng-eclipse-1645700858\testng-customsuite.xml"
2026-04-22 23:06:49 INFO  org.testng.internal.Utils - [Utils] MethodGroupsHelper.collectMethodsByGroup() took 1 ms.
2026-04-22 23:06:49 INFO  org.testng.internal.Utils - [Utils] MethodGroupsHelper.sortMethods() took 2 ms.
2026-04-22 23:06:49 INFO  org.testng.internal.Utils - [Utils] MethodGroupsHelper.collectMethodsByGroup() took 0 ms.
2026-04-22 23:06:49 INFO  org.testng.internal.Utils - [Utils] MethodGroupsHelper.sortMethods() took 0 ms.
2026-04-22 23:06:49 INFO  org.testng.internal.Utils - [Utils] MethodGroupsHelper.collectMethodsByGroup() took 0 ms.
2026-04-22 23:06:49 INFO  org.testng.internal.Utils - [Utils] MethodGroupsHelper.sortMethods() took 0 ms.
2026-04-22 23:06:49 INFO  org.testng.internal.Utils - [Utils] MethodGroupsHelper.collectMethodsByGroup() took 0 ms.
2026-04-22 23:06:49 INFO  org.testng.internal.Utils - [Utils] MethodGroupsHelper.sortMethods() took 0 ms.
2026-04-22 23:06:49 INFO  org.testng.internal.Utils - [Utils] MethodGroupsHelper.collectMethodsByGroup() took 0 ms.
2026-04-22 23:06:49 INFO  org.testng.internal.Utils - [Utils] MethodGroupsHelper.sortMethods() took 11 ms.
2026-04-22 23:06:49 INFO  org.testng.internal.Utils - [Utils] MethodGroupsHelper.collectMethodsByGroup() took 0 ms.
2026-04-22 23:06:49 INFO  org.testng.internal.Utils - [Utils] MethodGroupsHelper.sortMethods() took 0 ms.
2026-04-22 23:06:49 INFO  org.testng.internal.Utils - [Utils] MethodGroupsHelper.collectMethodsByGroup() took 0 ms.
2026-04-22 23:06:49 INFO  org.testng.internal.Utils - [Utils] MethodGroupsHelper.sortMethods() took 0 ms.
2026-04-22 23:06:49 INFO  org.testng.internal.Utils - [Utils] MethodGroupsHelper.collectMethodsByGroup() took 0 ms.
2026-04-22 23:06:49 INFO  org.testng.internal.Utils - [Utils] MethodGroupsHelper.sortMethods() took 0 ms.
2026-04-22 23:06:49 INFO  org.testng.internal.Utils - [Utils] MethodGroupsHelper.collectMethodsByGroup() took 0 ms.
2026-04-22 23:06:49 INFO  org.testng.internal.Utils - [Utils] MethodGroupsHelper.sortMethods() took 0 ms.
2026-04-22 23:06:49 INFO  org.testng.internal.Utils - [Utils] MethodGroupsHelper.collectMethodsByGroup() took 0 ms.
2026-04-22 23:06:49 INFO  org.testng.internal.Utils - [Utils] MethodGroupsHelper.sortMethods() took 0 ms.
2026-04-22 23:06:49 INFO  org.testng.internal.Utils - [Utils] MethodGroupsHelper.collectMethodsByGroup() took 0 ms.
2026-04-22 23:06:49 INFO  org.testng.internal.Utils - [Utils] MethodGroupsHelper.sortMethods() took 0 ms.
2026-04-22 23:06:49 INFO  org.testng.internal.Utils - [Utils] MethodGroupsHelper.collectMethodsByGroup() took 0 ms.
2026-04-22 23:06:49 INFO  org.testng.internal.Utils - [Utils] MethodGroupsHelper.sortMethods() took 0 ms.
2026-04-22 23:06:49 INFO  org.testng.internal.Utils - [Utils] MethodGroupsHelper.collectMethodsByGroup() took 8 ms.
2026-04-22 23:06:49 INFO  org.testng.internal.Utils - [Utils] MethodGroupsHelper.sortMethods() took 0 ms.
2026-04-22 23:06:49 INFO  org.testng.internal.Utils - [Utils] MethodGroupsHelper.collectMethodsByGroup() took 0 ms.
2026-04-22 23:06:49 INFO  org.testng.internal.Utils - [Utils] MethodGroupsHelper.sortMethods() took 0 ms.
2026-04-22 23:06:49 INFO  org.testng.internal.Utils - [Utils] MethodGroupsHelper.collectMethodsByGroup() took 0 ms.
2026-04-22 23:06:49 INFO  org.testng.internal.Utils - [Utils] MethodGroupsHelper.sortMethods() took 0 ms.
2026-04-22 23:06:50 INFO  org.testng.internal.Utils - [TestNG] Running:
  C:\Users\Rahul\AppData\Local\Temp\testng-eclipse-1645700858\testng-customsuite.xml

2026-04-22 23:06:50 INFO  org.testng.internal.Utils - [Utils] DynamicGraphHelper.createDynamicGraph() took 6 ms.
2026-04-22 23:06:52 INFO  Hooks.Hooks - Browser is opened..!
2026-04-22 23:06:56 INFO  Hooks.Hooks - url is launched..!
2026-04-22 23:07:05 INFO  Hooks.Hooks - Driver is Quit successfully....!
2026-04-22 23:07:06 INFO  Hooks.Hooks - Browser is opened..!
2026-04-22 23:07:06 INFO  Hooks.Hooks - url is launched..!
2026-04-22 23:07:12 INFO  Hooks.Hooks - Driver is Quit successfully....!
2026-04-22 23:07:13 INFO  Hooks.Hooks - Browser is opened..!
2026-04-22 23:07:16 INFO  Hooks.Hooks - url is launched..!
2026-04-22 23:07:21 INFO  Hooks.Hooks - Driver is Quit successfully....!
2026-04-22 23:07:22 INFO  Hooks.Hooks - Browser is opened..!
2026-04-22 23:07:29 INFO  Hooks.Hooks - url is launched..!
2026-04-22 23:07:46 INFO  Hooks.Hooks - Driver is Quit successfully....!
2026-04-22 23:07:48 INFO  Hooks.Hooks - Browser is opened..!
2026-04-22 23:07:51 INFO  Hooks.Hooks - url is launched..!
2026-04-22 23:07:58 INFO  Hooks.Hooks - Driver is Quit successfully....!
2026-04-22 23:07:59 INFO  Hooks.Hooks - Browser is opened..!
2026-04-22 23:08:04 INFO  Hooks.Hooks - url is launched..!
2026-04-22 23:08:13 INFO  Hooks.Hooks - Driver is Quit successfully....!
2026-04-22 23:08:15 INFO  Hooks.Hooks - Browser is opened..!
2026-04-22 23:08:18 INFO  Hooks.Hooks - url is launched..!
2026-04-22 23:08:23 INFO  Hooks.Hooks - Driver is Quit successfully....!
2026-04-22 23:08:25 INFO  Hooks.Hooks - Browser is opened..!
2026-04-22 23:08:29 INFO  Hooks.Hooks - url is launched..!
2026-04-22 23:08:34 INFO  Hooks.Hooks - Driver is Quit successfully....!
2026-04-22 23:08:35 INFO  Hooks.Hooks - Browser is opened..!
2026-04-22 23:08:39 INFO  Hooks.Hooks - url is launched..!
2026-04-22 23:08:39 INFO  Hooks.Hooks - Driver is Quit successfully....!
2026-04-22 23:08:41 INFO  Hooks.Hooks - Browser is opened..!
2026-04-22 23:08:44 INFO  Hooks.Hooks - url is launched..!
2026-04-22 23:08:48 INFO  Hooks.Hooks - Driver is Quit successfully....!
2026-04-22 23:08:50 INFO  Hooks.Hooks - Browser is opened..!
2026-04-22 23:08:55 INFO  Hooks.Hooks - url is launched..!
2026-04-22 23:08:59 INFO  Hooks.Hooks - Driver is Quit successfully....!
2026-04-22 23:09:00 INFO  Hooks.Hooks - Browser is opened..!
2026-04-22 23:09:04 INFO  Hooks.Hooks - url is launched..!
2026-04-22 23:09:05 INFO  Hooks.Hooks - Driver is Quit successfully....!
2026-04-22 23:09:07 INFO  Hooks.Hooks - Browser is opened..!
2026-04-22 23:09:12 INFO  Hooks.Hooks - url is launched..!
2026-04-22 23:09:15 INFO  Hooks.Hooks - Driver is Quit successfully....!
2026-04-22 23:09:17 INFO  Hooks.Hooks - Browser is opened..!
2026-04-22 23:09:21 INFO  Hooks.Hooks - url is launched..!
2026-04-22 23:09:26 INFO  Hooks.Hooks - Driver is Quit successfully....!
2026-04-22 23:09:27 INFO  Hooks.Hooks - Browser is opened..!
2026-04-22 23:09:31 INFO  Hooks.Hooks - url is launched..!
2026-04-22 23:09:36 INFO  Hooks.Hooks - Driver is Quit successfully....!
2026-04-22 23:09:37 INFO  Hooks.Hooks - Browser is opened..!
2026-04-22 23:09:42 INFO  Hooks.Hooks - url is launched..!
2026-04-22 23:09:47 INFO  Hooks.Hooks - Driver is Quit successfully....!
2026-04-22 23:09:49 INFO  Hooks.Hooks - Browser is opened..!
2026-04-22 23:09:50 INFO  Hooks.Hooks - url is launched..!
2026-04-22 23:09:54 INFO  Hooks.Hooks - Driver is Quit successfully....!
2026-04-22 23:09:55 INFO  Hooks.Hooks - Browser is opened..!
2026-04-22 23:09:58 INFO  Hooks.Hooks - url is launched..!
2026-04-22 23:10:03 INFO  Hooks.Hooks - Driver is Quit successfully....!
2026-04-22 23:10:04 INFO  Hooks.Hooks - Browser is opened..!
2026-04-22 23:10:05 INFO  Hooks.Hooks - url is launched..!
2026-04-22 23:10:13 INFO  Hooks.Hooks - Driver is Quit successfully....!
2026-04-22 23:10:14 INFO  Hooks.Hooks - Browser is opened..!
2026-04-22 23:10:19 INFO  Hooks.Hooks - url is launched..!
2026-04-22 23:10:23 INFO  Hooks.Hooks - Driver is Quit successfully....!
2026-04-22 23:10:25 INFO  Hooks.Hooks - Browser is opened..!
2026-04-22 23:10:27 INFO  Hooks.Hooks - url is launched..!
2026-04-22 23:10:31 INFO  Hooks.Hooks - Driver is Quit successfully....!
2026-04-22 23:10:33 INFO  Hooks.Hooks - Browser is opened..!
2026-04-22 23:10:34 INFO  Hooks.Hooks - url is launched..!
2026-04-22 23:10:40 INFO  Hooks.Hooks - Driver is Quit successfully....!
2026-04-22 23:10:41 INFO  Hooks.Hooks - Browser is opened..!
2026-04-22 23:10:45 INFO  Hooks.Hooks - url is launched..!
2026-04-22 23:10:48 INFO  Hooks.Hooks - Driver is Quit successfully....!
2026-04-22 23:10:50 INFO  Hooks.Hooks - Browser is opened..!
2026-04-22 23:10:54 INFO  Hooks.Hooks - url is launched..!
2026-04-22 23:10:58 INFO  Hooks.Hooks - Driver is Quit successfully....!
2026-04-22 23:10:59 INFO  Hooks.Hooks - Browser is opened..!
2026-04-22 23:10:59 INFO  Hooks.Hooks - url is launched..!
2026-04-22 23:11:07 INFO  Hooks.Hooks - Driver is Quit successfully....!
2026-04-22 23:11:09 INFO  Hooks.Hooks - Browser is opened..!
2026-04-22 23:11:11 INFO  Hooks.Hooks - url is launched..!
2026-04-22 23:11:16 INFO  Hooks.Hooks - Driver is Quit successfully....!
2026-04-22 23:11:17 INFO  Hooks.Hooks - Browser is opened..!
2026-04-22 23:11:18 INFO  Hooks.Hooks - url is launched..!
2026-04-22 23:11:25 INFO  Hooks.Hooks - Driver is Quit successfully....!
2026-04-22 23:11:27 INFO  Hooks.Hooks - Browser is opened..!
2026-04-22 23:11:27 INFO  Hooks.Hooks - url is launched..!
2026-04-22 23:11:35 INFO  Hooks.Hooks - Driver is Quit successfully....!
2026-04-22 23:11:36 INFO  Hooks.Hooks - Browser is opened..!
2026-04-22 23:11:37 INFO  Hooks.Hooks - url is launched..!
2026-04-22 23:11:42 INFO  Hooks.Hooks - Driver is Quit successfully....!
2026-04-22 23:11:43 INFO  Hooks.Hooks - Browser is opened..!
2026-04-22 23:11:47 INFO  Hooks.Hooks - url is launched..!
2026-04-22 23:11:47 INFO  Hooks.Hooks - Driver is Quit successfully....!
2026-04-22 23:11:49 INFO  Hooks.Hooks - Browser is opened..!
2026-04-22 23:11:53 INFO  Hooks.Hooks - url is launched..!
2026-04-22 23:11:54 INFO  Hooks.Hooks - Driver is Quit successfully....!
2026-04-22 23:11:55 INFO  Hooks.Hooks - Browser is opened..!
2026-04-22 23:11:59 INFO  Hooks.Hooks - url is launched..!
2026-04-22 23:12:05 INFO  Hooks.Hooks - Driver is Quit successfully....!
2026-04-22 23:12:07 INFO  Hooks.Hooks - Browser is opened..!
2026-04-22 23:12:07 INFO  Hooks.Hooks - url is launched..!
2026-04-22 23:12:16 INFO  Hooks.Hooks - Driver is Quit successfully....!
2026-04-22 23:12:17 INFO  Hooks.Hooks - Browser is opened..!
2026-04-22 23:12:21 INFO  Hooks.Hooks - url is launched..!
2026-04-22 23:12:26 INFO  Hooks.Hooks - Driver is Quit successfully....!
2026-04-22 23:12:28 INFO  Hooks.Hooks - Browser is opened..!
2026-04-22 23:12:28 INFO  Hooks.Hooks - url is launched..!
2026-04-22 23:12:37 INFO  Hooks.Hooks - Driver is Quit successfully....!
2026-04-22 23:12:38 INFO  Hooks.Hooks - Browser is opened..!
2026-04-22 23:12:40 INFO  Hooks.Hooks - url is launched..!
2026-04-22 23:12:46 INFO  Hooks.Hooks - Driver is Quit successfully....!
2026-04-22 23:12:48 INFO  Hooks.Hooks - Browser is opened..!
2026-04-22 23:12:50 INFO  Hooks.Hooks - url is launched..!
2026-04-22 23:12:55 INFO  Hooks.Hooks - Driver is Quit successfully....!
2026-04-22 23:12:57 INFO  Hooks.Hooks - Browser is opened..!
2026-04-22 23:13:00 INFO  Hooks.Hooks - url is launched..!
2026-04-22 23:13:06 INFO  Hooks.Hooks - Driver is Quit successfully....!
2026-04-22 23:13:07 INFO  Hooks.Hooks - Browser is opened..!
2026-04-22 23:13:12 INFO  Hooks.Hooks - url is launched..!
2026-04-22 23:13:17 INFO  Hooks.Hooks - Driver is Quit successfully....!
2026-04-22 23:13:18 INFO  Hooks.Hooks - Browser is opened..!
2026-04-22 23:13:22 INFO  Hooks.Hooks - url is launched..!
2026-04-22 23:14:00 INFO  Hooks.Hooks - Driver is Quit successfully....!
2026-04-22 23:14:01 INFO  Hooks.Hooks - Browser is opened..!
2026-04-22 23:14:06 INFO  Hooks.Hooks - url is launched..!
2026-04-22 23:14:10 INFO  Hooks.Hooks - Driver is Quit successfully....!
2026-04-22 23:14:12 INFO  Hooks.Hooks - Browser is opened..!
2026-04-22 23:14:12 INFO  Hooks.Hooks - url is launched..!
2026-04-22 23:14:22 INFO  Hooks.Hooks - Driver is Quit successfully....!
2026-04-22 23:14:24 INFO  Hooks.Hooks - Browser is opened..!
2026-04-22 23:14:26 INFO  Hooks.Hooks - url is launched..!
2026-04-22 23:14:32 INFO  Hooks.Hooks - Driver is Quit successfully....!
2026-04-22 23:14:33 INFO  Hooks.Hooks - Browser is opened..!
2026-04-22 23:14:36 INFO  Hooks.Hooks - url is launched..!
2026-04-22 23:14:40 INFO  Hooks.Hooks - Driver is Quit successfully....!
2026-04-22 23:14:42 INFO  Hooks.Hooks - Browser is opened..!
2026-04-22 23:14:42 INFO  Hooks.Hooks - url is launched..!
2026-04-22 23:14:49 INFO  Hooks.Hooks - Driver is Quit successfully....!
2026-04-22 23:14:51 INFO  Hooks.Hooks - Browser is opened..!
2026-04-22 23:14:51 INFO  Hooks.Hooks - url is launched..!
2026-04-22 23:14:58 INFO  Hooks.Hooks - Driver is Quit successfully....!
2026-04-22 23:14:59 INFO  Hooks.Hooks - Browser is opened..!
2026-04-22 23:15:03 INFO  Hooks.Hooks - url is launched..!
2026-04-22 23:15:07 INFO  Hooks.Hooks - Driver is Quit successfully....!
2026-04-22 23:15:08 INFO  Hooks.Hooks - Browser is opened..!
2026-04-22 23:15:09 INFO  Hooks.Hooks - url is launched..!
2026-04-22 23:15:17 INFO  Hooks.Hooks - Driver is Quit successfully....!
2026-04-22 23:15:18 INFO  Hooks.Hooks - Browser is opened..!
2026-04-22 23:15:21 INFO  Hooks.Hooks - url is launched..!
2026-04-22 23:15:26 INFO  Hooks.Hooks - Driver is Quit successfully....!
2026-04-22 23:15:28 INFO  Hooks.Hooks - Browser is opened..!
2026-04-22 23:15:28 INFO  Hooks.Hooks - url is launched..!
2026-04-22 23:15:38 INFO  Hooks.Hooks - Driver is Quit successfully....!
2026-04-22 23:15:40 INFO  Hooks.Hooks - Browser is opened..!
2026-04-22 23:15:44 INFO  Hooks.Hooks - url is launched..!
2026-04-22 23:15:50 INFO  Hooks.Hooks - Driver is Quit successfully....!
2026-04-22 23:15:52 INFO  Hooks.Hooks - Browser is opened..!
2026-04-22 23:15:55 INFO  Hooks.Hooks - url is launched..!
2026-04-22 23:15:59 INFO  Hooks.Hooks - Driver is Quit successfully....!
2026-04-22 23:16:01 INFO  Hooks.Hooks - Browser is opened..!
2026-04-22 23:16:05 INFO  Hooks.Hooks - url is launched..!
2026-04-22 23:16:12 INFO  Hooks.Hooks - Driver is Quit successfully....!
2026-04-22 23:16:13 INFO  Hooks.Hooks - Browser is opened..!
2026-04-22 23:16:17 INFO  Hooks.Hooks - url is launched..!
2026-04-22 23:16:22 INFO  Hooks.Hooks - Driver is Quit successfully....!
2026-04-22 23:16:23 INFO  Hooks.Hooks - Browser is opened..!
2026-04-22 23:16:27 INFO  Hooks.Hooks - url is launched..!
2026-04-22 23:16:32 INFO  Hooks.Hooks - Driver is Quit successfully....!
2026-04-22 23:16:33 INFO  Hooks.Hooks - Browser is opened..!
2026-04-22 23:16:34 INFO  Hooks.Hooks - url is launched..!
2026-04-22 23:16:44 INFO  Hooks.Hooks - Driver is Quit successfully....!
2026-04-22 23:16:45 INFO  Hooks.Hooks - Browser is opened..!
2026-04-22 23:16:49 INFO  Hooks.Hooks - url is launched..!
2026-04-22 23:16:54 INFO  Hooks.Hooks - Driver is Quit successfully....!
2026-04-22 23:16:56 INFO  Hooks.Hooks - Browser is opened..!
2026-04-22 23:17:00 INFO  Hooks.Hooks - url is launched..!
2026-04-22 23:17:04 INFO  Hooks.Hooks - Driver is Quit successfully....!
2026-04-22 23:17:05 INFO  Hooks.Hooks - Browser is opened..!
2026-04-22 23:17:09 INFO  Hooks.Hooks - url is launched..!
2026-04-22 23:17:13 INFO  Hooks.Hooks - Driver is Quit successfully....!
2026-04-22 23:17:14 INFO  Hooks.Hooks - Browser is opened..!
2026-04-22 23:17:18 INFO  Hooks.Hooks - url is launched..!
2026-04-22 23:17:23 INFO  Hooks.Hooks - Driver is Quit successfully....!
2026-04-22 23:17:24 INFO  Hooks.Hooks - Browser is opened..!
2026-04-22 23:17:28 INFO  Hooks.Hooks - url is launched..!
2026-04-22 23:17:33 INFO  Hooks.Hooks - Driver is Quit successfully....!
2026-04-22 23:17:34 INFO  Hooks.Hooks - Browser is opened..!
2026-04-22 23:17:38 INFO  Hooks.Hooks - url is launched..!
2026-04-22 23:17:41 INFO  Hooks.Hooks - Driver is Quit successfully....!
2026-04-22 23:17:43 INFO  Hooks.Hooks - Browser is opened..!
2026-04-22 23:17:44 INFO  Hooks.Hooks - url is launched..!
2026-04-22 23:17:53 INFO  Hooks.Hooks - Driver is Quit successfully....!
2026-04-22 23:17:55 INFO  Hooks.Hooks - Browser is opened..!
2026-04-22 23:18:01 INFO  Hooks.Hooks - url is launched..!
2026-04-22 23:18:06 INFO  Hooks.Hooks - Driver is Quit successfully....!
2026-04-22 23:18:07 INFO  Hooks.Hooks - Browser is opened..!
2026-04-22 23:18:11 INFO  Hooks.Hooks - url is launched..!
2026-04-22 23:18:16 INFO  Hooks.Hooks - Driver is Quit successfully....!
2026-04-22 23:18:18 INFO  Hooks.Hooks - Browser is opened..!
2026-04-22 23:18:22 INFO  Hooks.Hooks - url is launched..!
2026-04-22 23:18:26 INFO  Hooks.Hooks - Driver is Quit successfully....!
2026-04-22 23:18:28 INFO  Hooks.Hooks - Browser is opened..!
2026-04-22 23:18:31 INFO  Hooks.Hooks - url is launched..!
2026-04-22 23:18:36 INFO  Hooks.Hooks - Driver is Quit successfully....!
2026-04-22 23:18:37 INFO  Hooks.Hooks - Browser is opened..!
2026-04-22 23:18:42 INFO  Hooks.Hooks - url is launched..!
2026-04-22 23:18:47 INFO  Hooks.Hooks - Driver is Quit successfully....!
2026-04-22 23:18:49 INFO  Hooks.Hooks - Browser is opened..!
2026-04-22 23:18:51 INFO  Hooks.Hooks - url is launched..!
2026-04-22 23:18:57 INFO  Hooks.Hooks - Driver is Quit successfully....!
2026-04-22 23:18:59 INFO  Hooks.Hooks - Browser is opened..!
2026-04-22 23:19:03 INFO  Hooks.Hooks - url is launched..!
2026-04-22 23:19:06 INFO  Hooks.Hooks - Driver is Quit successfully....!
2026-04-22 23:19:07 INFO  Hooks.Hooks - Browser is opened..!
2026-04-22 23:19:12 INFO  Hooks.Hooks - url is launched..!
2026-04-22 23:19:17 INFO  Hooks.Hooks - Driver is Quit successfully....!
2026-04-22 23:19:19 INFO  Hooks.Hooks - Browser is opened..!
2026-04-22 23:19:23 INFO  Hooks.Hooks - url is launched..!
2026-04-22 23:19:28 INFO  Hooks.Hooks - Driver is Quit successfully....!
2026-04-22 23:19:29 INFO  Hooks.Hooks - Browser is opened..!
2026-04-22 23:19:31 INFO  Hooks.Hooks - url is launched..!
2026-04-22 23:19:37 INFO  Hooks.Hooks - Driver is Quit successfully....!
2026-04-22 23:19:38 INFO  Hooks.Hooks - Browser is opened..!
2026-04-22 23:19:44 INFO  Hooks.Hooks - url is launched..!
2026-04-22 23:19:48 INFO  Hooks.Hooks - Driver is Quit successfully....!
2026-04-22 23:19:49 INFO  Hooks.Hooks - Browser is opened..!
2026-04-22 23:19:53 INFO  Hooks.Hooks - url is launched..!
2026-04-22 23:19:58 INFO  Hooks.Hooks - Driver is Quit successfully....!
2026-04-22 23:19:59 INFO  Hooks.Hooks - Browser is opened..!
2026-04-22 23:20:07 INFO  Hooks.Hooks - url is launched..!
2026-04-22 23:20:17 INFO  Hooks.Hooks - Driver is Quit successfully....!
2026-04-22 23:20:19 INFO  Hooks.Hooks - Browser is opened..!
2026-04-22 23:20:20 INFO  Hooks.Hooks - url is launched..!
2026-04-22 23:20:38 INFO  Hooks.Hooks - Driver is Quit successfully....!
2026-04-22 23:20:39 INFO  Hooks.Hooks - Browser is opened..!
2026-04-22 23:20:43 INFO  Hooks.Hooks - url is launched..!
2026-04-22 23:20:48 INFO  Hooks.Hooks - Driver is Quit successfully....!
2026-04-22 23:20:50 INFO  Hooks.Hooks - Browser is opened..!
2026-04-22 23:20:52 INFO  Hooks.Hooks - url is launched..!
2026-04-22 23:20:58 INFO  Hooks.Hooks - Driver is Quit successfully....!
2026-04-22 23:20:59 INFO  Hooks.Hooks - Browser is opened..!
2026-04-22 23:21:05 INFO  Hooks.Hooks - url is launched..!
2026-04-22 23:21:18 INFO  Hooks.Hooks - Driver is Quit successfully....!
2026-04-22 23:21:19 INFO  Hooks.Hooks - Browser is opened..!
2026-04-22 23:21:25 INFO  Hooks.Hooks - url is launched..!
2026-04-22 23:21:34 INFO  Hooks.Hooks - Driver is Quit successfully....!
2026-04-22 23:21:35 INFO  Hooks.Hooks - Browser is opened..!
2026-04-22 23:21:40 INFO  Hooks.Hooks - url is launched..!
2026-04-22 23:21:48 INFO  Hooks.Hooks - Driver is Quit successfully....!
2026-04-22 23:21:50 INFO  Hooks.Hooks - Browser is opened..!
2026-04-22 23:21:54 INFO  Hooks.Hooks - url is launched..!
2026-04-22 23:22:00 INFO  Hooks.Hooks - Driver is Quit successfully....!
2026-04-22 23:22:01 INFO  Hooks.Hooks - Browser is opened..!
2026-04-22 23:22:04 INFO  Hooks.Hooks - url is launched..!
2026-04-22 23:22:18 INFO  Hooks.Hooks - Driver is Quit successfully....!
2026-04-22 23:22:19 INFO  Hooks.Hooks - Browser is opened..!
2026-04-22 23:22:52 INFO  Hooks.Hooks - url is launched..!
2026-04-22 23:23:00 INFO  Hooks.Hooks - Driver is Quit successfully....!
2026-04-22 23:23:01 INFO  Hooks.Hooks - Browser is opened..!
2026-04-22 23:23:06 INFO  Hooks.Hooks - url is launched..!
2026-04-22 23:23:09 INFO  Hooks.Hooks - Driver is Quit successfully....!
2026-04-22 23:23:10 INFO  Hooks.Hooks - Browser is opened..!
2026-04-22 23:23:15 INFO  Hooks.Hooks - url is launched..!
2026-04-22 23:23:24 INFO  Hooks.Hooks - Driver is Quit successfully....!
2026-04-22 23:23:25 INFO  Hooks.Hooks - Browser is opened..!
2026-04-22 23:23:26 INFO  Hooks.Hooks - url is launched..!
2026-04-22 23:23:33 INFO  Hooks.Hooks - Driver is Quit successfully....!
2026-04-22 23:23:35 INFO  Hooks.Hooks - Browser is opened..!
2026-04-22 23:23:39 INFO  Hooks.Hooks - url is launched..!
2026-04-22 23:23:44 INFO  Hooks.Hooks - Driver is Quit successfully....!
2026-04-22 23:23:46 INFO  Hooks.Hooks - Browser is opened..!
2026-04-22 23:23:46 INFO  Hooks.Hooks - url is launched..!
2026-04-22 23:24:30 INFO  Hooks.Hooks - Driver is Quit successfully....!
2026-04-22 23:24:32 INFO  Hooks.Hooks - Browser is opened..!
2026-04-22 23:24:36 INFO  Hooks.Hooks - url is launched..!
2026-04-22 23:24:46 INFO  Hooks.Hooks - Driver is Quit successfully....!
2026-04-22 23:24:47 INFO  Hooks.Hooks - Browser is opened..!
2026-04-22 23:24:48 INFO  Hooks.Hooks - url is launched..!
2026-04-22 23:25:00 INFO  Hooks.Hooks - Driver is Quit successfully....!
2026-04-22 23:25:01 INFO  Hooks.Hooks - Browser is opened..!
2026-04-22 23:25:06 INFO  Hooks.Hooks - url is launched..!
2026-04-22 23:25:12 INFO  Hooks.Hooks - Driver is Quit successfully....!
2026-04-22 23:25:13 INFO  Hooks.Hooks - Browser is opened..!
2026-04-22 23:25:18 INFO  Hooks.Hooks - url is launched..!
2026-04-22 23:25:26 INFO  Hooks.Hooks - Driver is Quit successfully....!
2026-04-22 23:25:28 INFO  Hooks.Hooks - Browser is opened..!
2026-04-22 23:25:31 INFO  Hooks.Hooks - url is launched..!
2026-04-22 23:25:41 INFO  Hooks.Hooks - Driver is Quit successfully....!
2026-04-22 23:25:42 INFO  Hooks.Hooks - Browser is opened..!
2026-04-22 23:25:43 INFO  Hooks.Hooks - url is launched..!
2026-04-22 23:25:55 INFO  Hooks.Hooks - Driver is Quit successfully....!
2026-04-22 23:25:56 INFO  Hooks.Hooks - Browser is opened..!
2026-04-22 23:26:01 INFO  Hooks.Hooks - url is launched..!
2026-04-22 23:26:08 INFO  Hooks.Hooks - Driver is Quit successfully....!
2026-04-22 23:26:09 INFO  Hooks.Hooks - Browser is opened..!
2026-04-22 23:26:13 INFO  Hooks.Hooks - url is launched..!
2026-04-22 23:26:26 INFO  Hooks.Hooks - Driver is Quit successfully....!
2026-04-22 23:26:27 INFO  org.testng.internal.Utils - [TestNG] Time taken by org.testng.reporters.jq.Main@155afbd7: 117 ms
2026-04-22 23:26:27 INFO  org.testng.internal.Utils - [TestNG] Time taken by org.testng.reporters.FailedReporter@e6522bd: 23 ms
2026-04-22 23:26:27 INFO  org.testng.internal.Utils - [TestNG] Time taken by org.testng.reporters.XMLReporter@17556c0a: 58 ms
2026-04-22 23:26:27 INFO  org.testng.internal.Utils - [TestNG] Time taken by org.testng.reporters.EmailableReporter2@5b0eb43f: 32 ms
2026-04-22 23:26:27 INFO  org.testng.internal.Utils - [TestNG] Time taken by org.testng.reporters.JUnitReportReporter@740e38e9: 43 ms
2026-04-22 23:26:27 INFO  org.testng.internal.Utils - [TestNG] Time taken by org.testng.internal.ExitCodeListener@67d85d5f: 1 ms
